
60. Executing CHECK pass (checking for obvious problems).
Checking module dma_soc...
Warning: Wire dma_soc.\s_axi_wready is used but has no driver.
Warning: Wire dma_soc.\s_axi_rvalid is used but has no driver.
Warning: Wire dma_soc.\s_axi_rdata [31] is used but has no driver.
Warning: Wire dma_soc.\s_axi_rdata [30] is used but has no driver.
Warning: Wire dma_soc.\s_axi_rdata [29] is used but has no driver.
Warning: Wire dma_soc.\s_axi_rdata [28] is used but has no driver.
Warning: Wire dma_soc.\s_axi_rdata [27] is used but has no driver.
Warning: Wire dma_soc.\s_axi_rdata [26] is used but has no driver.
Warning: Wire dma_soc.\s_axi_rdata [25] is used but has no driver.
Warning: Wire dma_soc.\s_axi_rdata [24] is used but has no driver.
Warning: Wire dma_soc.\s_axi_rdata [23] is used but has no driver.
Warning: Wire dma_soc.\s_axi_rdata [22] is used but has no driver.
Warning: Wire dma_soc.\s_axi_rdata [21] is used but has no driver.
Warning: Wire dma_soc.\s_axi_rdata [20] is used but has no driver.
Warning: Wire dma_soc.\s_axi_rdata [19] is used but has no driver.
Warning: Wire dma_soc.\s_axi_rdata [18] is used but has no driver.
Warning: Wire dma_soc.\s_axi_rdata [17] is used but has no driver.
Warning: Wire dma_soc.\s_axi_rdata [16] is used but has no driver.
Warning: Wire dma_soc.\s_axi_rdata [15] is used but has no driver.
Warning: Wire dma_soc.\s_axi_rdata [14] is used but has no driver.
Warning: Wire dma_soc.\s_axi_rdata [13] is used but has no driver.
Warning: Wire dma_soc.\s_axi_rdata [12] is used but has no driver.
Warning: Wire dma_soc.\s_axi_rdata [11] is used but has no driver.
Warning: Wire dma_soc.\s_axi_rdata [10] is used but has no driver.
Warning: Wire dma_soc.\s_axi_rdata [9] is used but has no driver.
Warning: Wire dma_soc.\s_axi_rdata [8] is used but has no driver.
Warning: Wire dma_soc.\s_axi_rdata [7] is used but has no driver.
Warning: Wire dma_soc.\s_axi_rdata [6] is used but has no driver.
Warning: Wire dma_soc.\s_axi_rdata [5] is used but has no driver.
Warning: Wire dma_soc.\s_axi_rdata [4] is used but has no driver.
Warning: Wire dma_soc.\s_axi_rdata [3] is used but has no driver.
Warning: Wire dma_soc.\s_axi_rdata [2] is used but has no driver.
Warning: Wire dma_soc.\s_axi_rdata [1] is used but has no driver.
Warning: Wire dma_soc.\s_axi_rdata [0] is used but has no driver.
Warning: Wire dma_soc.\s_axi_bvalid is used but has no driver.
Warning: Wire dma_soc.\s_axi_awready is used but has no driver.
Warning: Wire dma_soc.\s_axi_arready is used but has no driver.
Warning: Wire dma_soc.\irq is used but has no driver.
Found and reported 38 problems.
